// Jest Snapshot v1, https://goo.gl/fbAQLP

exports[`todoReducer should return the initial state 1`] = `
Object {
  "todos": Array [],
}
`;
